// Jest Snapshot v1, https://goo.gl/fbAQLP

exports[`HexVector (methods) pathTo() generates a grid path between two vectors 1`] = `
Array [
  HexVector {
    "system": "c",
    "x": 5,
    "y": -10,
    "z": 5,
  },
  HexVector {
    "system": "c",
    "x": 4,
    "y": -9,
    "z": 5,
  },
  HexVector {
    "system": "c",
    "x": 3,
    "y": -8,
    "z": 5,
  },
  HexVector {
    "system": "c",
    "x": 3,
    "y": -7,
    "z": 4,
  },
  HexVector {
    "system": "c",
    "x": 2,
    "y": -6,
    "z": 4,
  },
  HexVector {
    "system": "c",
    "x": 1,
    "y": -5,
    "z": 4,
  },
  HexVector {
    "system": "c",
    "x": 0,
    "y": -4,
    "z": 4,
  },
  HexVector {
    "system": "c",
    "x": -1,
    "y": -3,
    "z": 4,
  },
  HexVector {
    "system": "c",
    "x": -2,
    "y": -2,
    "z": 4,
  },
  HexVector {
    "system": "c",
    "x": -2,
    "y": -1,
    "z": 3,
  },
  HexVector {
    "system": "c",
    "x": -3,
    "y": 0,
    "z": 3,
  },
  HexVector {
    "system": "c",
    "x": -4,
    "y": 1,
    "z": 3,
  },
]
`;
